WARNING: Logging before InitGoogleLogging() is written to STDERR
I20230315 23:15:25.820485   520 system_impl.cpp:90] SDK built with websockets version:3.1.0
I20230315 23:15:25.820848   520 sensor_enumerator_imx.cpp:116] Looking for sensors on the target
fatal: No ADI ToF camera found
tof_net_collect FILE [data_collect-options] [network-options]

This program is built from the examples/data_collect acquisition model.
It always captures raw frames with enableDepthCompute=off, compresses them
losslessly, and sends them to tof_net_viewer. It does not compute depth.

Arguments:
  FILE                         ADI camera initialization JSON, same as data_collect.
                               Example: config/config_crosby_adsd3500_new_modes.json

data_collect-compatible options:
  --ip <ip>                     Camera IP, same spelling as data_collect.
  --m <mode>                    Camera mode number. Default: 0.
  --ft <frame_type>             Accepted for compatibility. Forced to raw in this app.
  --fw <firmware>               Firmware path, same as data_collect.
  --ic <configuration>          Sensor configuration. Default: standard-raw.
  --fps <setfps>                Accepted for compatibility.
  --ccb <FILE>                  Save module CCB to FILE, same as data_collect.
  --ext_fsync <0|1>             Sync mode, same as data_collect.
  --wt <warmup>                 Warmup seconds, same as data_collect.
  --n <ncapture>                Optional max frame count. 0 means stream until StopCapture.

tof_net_collect network/compression options:
  --server-ip <B_IP>            Machine B / tof_net_viewer IP.
  --bind-ip <A_IP>              Bind outbound TCP socket to Machine A IP.
  --port <PORT>                 TCP port. Default: 5000.
  --zstd-level <N>              Zstd compression level. Default: 1.
  --no-reconnect                Exit when the B connection drops.
  -h, --help                    Show this help.
WARNING: Logging before InitGoogleLogging() is written to STDERR
I20230315 23:16:09.256811   604 system_impl.cpp:90] SDK built with websockets version:3.1.0
I20230315 23:16:09.257498   604 sensor_enumerator_imx.cpp:116] Looking for sensors on the target
I20230315 23:16:09.258323   604 sensor_enumerator_imx.cpp:137] Looking at: /dev/media0 for an eligible TOF camera
I20230315 23:16:09.268209   604 sensor_enumerator_imx.cpp:153] Considering: /dev/media0 an eligible TOF camera
W20230315 23:16:09.269555   604 adsd3500_interrupt_notifier.cpp:57] Failed to open the debug sysfs. Interrupts support will not be available!
I20230315 23:16:09.270622   604 camera_itof.cpp:146] Initializing camera
I20230315 23:16:09.270738   604 adsd3500_sensor.cpp:283] Opening device
I20230315 23:16:09.270800   604 adsd3500_sensor.cpp:301] Looking for the following cards:
I20230315 23:16:09.270836   604 adsd3500_sensor.cpp:303] mxc-isi-cap
I20230315 23:16:09.270888   604 adsd3500_sensor.cpp:315] device: /dev/video0	subdevice: /dev/v4l-subdev1
I20230315 23:16:09.280956   604 adsd3500_sensor.cpp:411] ADSD3500 is ready to communicate with.
I20230315 23:16:09.292346   604 mode_info.cpp:148] Using new modes table for adsd3500.
I20230315 23:16:09.301291   604 mode_info.cpp:144] Using new mixed modes table for adsd3500.
I20230315 23:16:09.301453   604 mode_info.cpp:144] Using new mixed modes table for adsd3500.
I20230315 23:16:09.461215   604 camera_itof.cpp:355] Current adsd3500 firmware version is: 4.2.4.0
I20230315 23:16:09.461346   604 camera_itof.cpp:357] Current adsd3500 firmware git hash is: 5ecd368683f2b49f6af7c872deaf04d5696206c4
I20230315 23:16:09.465766   604 camera_itof.cpp:1766] Found Depth ini file: ./config/RawToDepthAdsd3500_lr-qnative.ini
I20230315 23:16:09.465974   604 camera_itof.cpp:1766] Found Depth ini file: ./config/RawToDepthAdsd3500_lr-native.ini
I20230315 23:16:09.466037   604 camera_itof.cpp:1766] Found Depth ini file: ./config/RawToDepthAdsd3500_sr-qnative.ini
I20230315 23:16:09.466085   604 camera_itof.cpp:1766] Found Depth ini file: ./config/RawToDepthAdsd3500_sr-native.ini
I20230315 23:16:09.466136   604 camera_itof.cpp:1766] Found Depth ini file: ./config/RawToDepthAdsd3500_sr-mixed.ini
I20230315 23:16:09.466183   604 camera_itof.cpp:1766] Found Depth ini file: ./config/RawToDepthAdsd3500_lr-mixed.ini
I20230315 23:16:09.466229   604 camera_itof.cpp:1766] Found Depth ini file: ./config/RawToDepthAdsd_pcm-native.ini
I20230315 23:16:09.466280   604 camera_itof.cpp:1777] Current Depth ini file is: ./config/RawToDepthAdsd3500_lr-mixed.ini
I20230315 23:16:09.472016   604 camera_itof.cpp:450] Camera FPS set from Json file at: 10
I20230315 23:16:09.473003   604 camera_itof.cpp:462] Camera initialized
W20230315 23:16:09.473089   604 camera_itof.cpp:899] Unsupported control
Warning: sensorConfiguration=standard-raw was not accepted by this SDK/backend; continuing
I20230315 23:16:09.478793   604 camera_itof.cpp:539] Chosen mode: sr-native
I20230315 23:16:09.478909   604 camera_itof.cpp:593] Using ini file: ./config/RawToDepthAdsd3500_sr-native.ini
I20230315 23:16:09.478940   604 adsd3500_sensor.cpp:631] setFrameType: enter, requested type=sr-native, width=1024, height=4096, current type=, hostConnectionType=-142584400, numVideoDevs=
I20230315 23:16:09.479172   604 adsd3500_sensor.cpp:647] setFrameType: pre-stop check, device=0, fd=3, sfd=4, started=0, videoBuffers=0, nVideoBuffers=0
I20230315 23:16:09.479223   604 adsd3500_sensor.cpp:668] setFrameType: reuse open device without close/reopen, device=0, fd=3, sfd=4, started=0, videoBuffers=0, nVideoBuffers=0
I20230315 23:16:09.479256   604 adsd3500_sensor.cpp:748] setFrameType: open skipped, reusing existing fds
I20230315 23:16:09.479285   604 adsd3500_sensor.cpp:757] setFrameType: setMode begin, type=sr-native
I20230315 23:16:09.479316   604 adsd3500_sensor.cpp:608] Setting camera mode to sr-native
I20230315 23:16:09.479379   604 adsd3500_sensor.cpp:764] setFrameType: setMode done, type=sr-native
I20230315 23:16:09.479414   604 adsd3500_sensor.cpp:775] setFrameType: device setup begin, device=0, fd=3, sfd=4, videoBuffers=0, nVideoBuffers=0, videoBuffersType=1, frame type changed=1
I20230315 23:16:09.479458   604 adsd3500_sensor.cpp:815] setFrameType: VIDIOC_REQBUFS release begin, device=0, type=1, count=0
I20230315 23:16:09.479552   604 adsd3500_sensor.cpp:831] setFrameType: VIDIOC_REQBUFS release done, device=0, returned count=0
I20230315 23:16:09.479648   604 adsd3500_sensor.cpp:907] setFrameType: VIDIOC_S_FMT begin, device=0, fd=3, type=1, pixelformat=842090306, width=1024, height=4096
I20230315 23:16:09.479748   604 adsd3500_sensor.cpp:929] setFrameType: VIDIOC_S_FMT done, device=0, returned width=1024, returned height=4096, bytesperline=30848, sizeimage=8388608
I20230315 23:16:09.479818   604 adsd3500_sensor.cpp:948] setFrameType: VIDIOC_REQBUFS allocate begin, device=0, requested count=4, type=1, memory=1
I20230315 23:16:09.497929   604 adsd3500_sensor.cpp:966] setFrameType: VIDIOC_REQBUFS allocate done, device=0, returned count=4
I20230315 23:16:09.498189   604 adsd3500_sensor.cpp:982] setFrameType: calloc video buffers done, device=0, videoBuffers=0xaaaaf780bfd0, count=4
I20230315 23:16:09.498272   604 adsd3500_sensor.cpp:1000] setFrameType: VIDIOC_QUERYBUF begin, device=0, bufferIndex=0, type=1, memory=1, planes=0xaaaaf780e578
I20230315 23:16:09.498350   604 adsd3500_sensor.cpp:1021] setFrameType: VIDIOC_QUERYBUF done, device=0, bufferIndex=0, bytesused=0, length=8388608, flags=8192
I20230315 23:16:09.498418   604 adsd3500_sensor.cpp:1041] setFrameType: mmap begin, device=0, bufferIndex=0, length=8388608, offset=0, fd=3
I20230315 23:16:09.498574   604 adsd3500_sensor.cpp:1067] setFrameType: mmap done, device=0, bufferIndex=0, start=0xffff883fa000, length=8388608
I20230315 23:16:09.498683   604 adsd3500_sensor.cpp:1000] setFrameType: VIDIOC_QUERYBUF begin, device=0, bufferIndex=1, type=1, memory=1, planes=0xaaaaf780e578
I20230315 23:16:09.498764   604 adsd3500_sensor.cpp:1021] setFrameType: VIDIOC_QUERYBUF done, device=0, bufferIndex=1, bytesused=0, length=8388608, flags=8192
I20230315 23:16:09.498829   604 adsd3500_sensor.cpp:1041] setFrameType: mmap begin, device=0, bufferIndex=1, length=8388608, offset=8388608, fd=3
I20230315 23:16:09.498941   604 adsd3500_sensor.cpp:1067] setFrameType: mmap done, device=0, bufferIndex=1, start=0xffff87bfa000, length=8388608
I20230315 23:16:09.499053   604 adsd3500_sensor.cpp:1000] setFrameType: VIDIOC_QUERYBUF begin, device=0, bufferIndex=2, type=1, memory=1, planes=0xaaaaf780e578
I20230315 23:16:09.499163   604 adsd3500_sensor.cpp:1021] setFrameType: VIDIOC_QUERYBUF done, device=0, bufferIndex=2, bytesused=0, length=8388608, flags=8192
I20230315 23:16:09.499245   604 adsd3500_sensor.cpp:1041] setFrameType: mmap begin, device=0, bufferIndex=2, length=8388608, offset=16777216, fd=3
I20230315 23:16:09.499358   604 adsd3500_sensor.cpp:1067] setFrameType: mmap done, device=0, bufferIndex=2, start=0xffff873fa000, length=8388608
I20230315 23:16:09.499420   604 adsd3500_sensor.cpp:1000] setFrameType: VIDIOC_QUERYBUF begin, device=0, bufferIndex=3, type=1, memory=1, planes=0xaaaaf780e578
I20230315 23:16:09.499486   604 adsd3500_sensor.cpp:1021] setFrameType: VIDIOC_QUERYBUF done, device=0, bufferIndex=3, bytesused=0, length=8388608, flags=8192
I20230315 23:16:09.499548   604 adsd3500_sensor.cpp:1041] setFrameType: mmap begin, device=0, bufferIndex=3, length=8388608, offset=25165824, fd=3
I20230315 23:16:09.499651   604 adsd3500_sensor.cpp:1067] setFrameType: mmap done, device=0, bufferIndex=3, start=0xffff86bfa000, length=8388608
I20230315 23:16:09.499713   604 adsd3500_sensor.cpp:1084] setFrameType: device buffer setup done, device=0, nVideoBuffers=4
I20230315 23:16:09.499810   604 adsd3500_sensor.cpp:1094] setFrameType: done, active type=sr-native
Camera initialized. SDK 4.2.0
SD card image version: microsd-4.2.0-b260ad46.img
Kernel version: lf-5.10.72-2.2.0
U-Boot version: imx_v2020.04_5.4.70_2.3.0
[collect] Available frame types (7):
[collect]   sr-native modeId=0 w=1024 h=1024 subframes=2 passive_ir=0
[collect]   lr-native modeId=1 w=1024 h=1024 subframes=3 passive_ir=0
[collect]   sr-qnative modeId=2 w=512 h=512 subframes=1 passive_ir=0
[collect]   lr-qnative modeId=3 w=512 h=512 subframes=1 passive_ir=0
[collect]   pcm-native modeId=4 w=1024 h=1024 subframes=1 passive_ir=1
[collect]   sr-mixed modeId=6 w=512 h=512 subframes=1 passive_ir=0
[collect]   lr-mixed modeId=5 w=512 h=512 subframes=1 passive_ir=0
[collect] Sensor name: adsd3500
[collect] Selected mode: --m 0 -> sr-native
[collect] Sensor config: standard-raw
[collect] Server IP: 10.42.0.103:5000, bind: auto
[collect] Zstd level: 1, reconnect: yes
[collect] Camera ready, waiting for Machine B viewer...
Mode: 0 -> sr-native
Frame type: raw, depth compute: off
Connecting to Machine B 10.42.0.103:5000 ...
session error: connect: Connection refused
Connecting to Machine B 10.42.0.103:5000 ...
session error: connect: Connection refused
Connecting to Machine B 10.42.0.103:5000 ...
session error: connect: Connection refused
Connecting to Machine B 10.42.0.103:5000 ...
session error: connect: Connection refused
Connecting to Machine B 10.42.0.103:5000 ...
session error: connect: Connection refused
Connecting to Machine B 10.42.0.103:5000 ...
session error: connect: Connection refused
Connecting to Machine B 10.42.0.103:5000 ...
session error: connect: Connection refused
Connecting to Machine B 10.42.0.103:5000 ...
session error: connect: Connection refused
I20230315 23:16:17.917909   604 camera_itof.cpp:1549] Succesfully read chunk number 0 out of 119 chunks for adsd3500!
I20230315 23:16:23.141328   604 camera_itof.cpp:1549] Succesfully read chunk number 20 out of 119 chunks for adsd3500!
I20230315 23:16:28.285519   604 camera_itof.cpp:1549] Succesfully read chunk number 40 out of 119 chunks for adsd3500!
I20230315 23:16:33.386327   604 camera_itof.cpp:1549] Succesfully read chunk number 60 out of 119 chunks for adsd3500!
I20230315 23:16:38.595551   604 camera_itof.cpp:1549] Succesfully read chunk number 80 out of 119 chunks for adsd3500!
I20230315 23:16:43.525812   604 camera_itof.cpp:1549] Succesfully read chunk number 100 out of 119 chunks for adsd3500!
I20230315 23:16:48.053392   604 camera_itof.cpp:1576] Succesfully read ccb from adsd3500. Checking crc...
I20230315 23:16:48.089180   604 camera_itof.cpp:1585] Crc of ccb is valid.
I20230315 23:16:48.425635   604 camera_itof.cpp:539] Chosen mode: lr-qnative
I20230315 23:16:48.425765   604 camera_itof.cpp:593] Using ini file: ./config/RawToDepthAdsd3500_lr-qnative.ini
I20230315 23:16:48.425808   604 adsd3500_sensor.cpp:631] setFrameType: enter, requested type=lr-qnative, width=2560, height=512, current type=sr-native, hostConnectionType=-142584400, numVideoDevs=
I20230315 23:16:48.425958   604 adsd3500_sensor.cpp:647] setFrameType: pre-stop check, device=0, fd=3, sfd=4, started=0, videoBuffers=0xaaaaf780bfd0, nVideoBuffers=4
I20230315 23:16:48.426010   604 adsd3500_sensor.cpp:681] setFrameType: release/open reset begin, device=0, fd=3, sfd=4, videoBuffers=0xaaaaf780bfd0, nVideoBuffers=4
I20230315 23:16:48.426052   604 adsd3500_sensor.cpp:690] setFrameType: initial munmap begin, device=0, bufferIndex=0, start=0xffff883fa000, length=8388608
I20230315 23:16:48.426254   604 adsd3500_sensor.cpp:702] setFrameType: initial munmap done, device=0, bufferIndex=0
I20230315 23:16:48.426301   604 adsd3500_sensor.cpp:690] setFrameType: initial munmap begin, device=0, bufferIndex=1, start=0xffff87bfa000, length=8388608
I20230315 23:16:48.426472   604 adsd3500_sensor.cpp:702] setFrameType: initial munmap done, device=0, bufferIndex=1
I20230315 23:16:48.426529   604 adsd3500_sensor.cpp:690] setFrameType: initial munmap begin, device=0, bufferIndex=2, start=0xffff873fa000, length=8388608
I20230315 23:16:48.426702   604 adsd3500_sensor.cpp:702] setFrameType: initial munmap done, device=0, bufferIndex=2
I20230315 23:16:48.426743   604 adsd3500_sensor.cpp:690] setFrameType: initial munmap begin, device=0, bufferIndex=3, start=0xffff86bfa000, length=8388608
I20230315 23:16:48.426903   604 adsd3500_sensor.cpp:702] setFrameType: initial munmap done, device=0, bufferIndex=3
I20230315 23:16:48.426999   604 adsd3500_sensor.cpp:711] setFrameType: close fd begin, device=0, fd=3
I20230315 23:16:48.438372   604 adsd3500_sensor.cpp:720] setFrameType: close fd done, device=0
I20230315 23:16:48.438516   604 adsd3500_sensor.cpp:725] setFrameType: close sfd begin, device=0, sfd=4
I20230315 23:16:48.438563   604 adsd3500_sensor.cpp:734] setFrameType: close sfd done, device=0
I20230315 23:16:48.438596   604 adsd3500_sensor.cpp:740] setFrameType: open begin
I20230315 23:16:48.438627   604 adsd3500_sensor.cpp:283] Opening device
I20230315 23:16:48.438676   604 adsd3500_sensor.cpp:301] Looking for the following cards:
I20230315 23:16:48.438706   604 adsd3500_sensor.cpp:303] mxc-isi-cap
I20230315 23:16:48.438742   604 adsd3500_sensor.cpp:315] device: /dev/video0	subdevice: /dev/v4l-subdev1
I20230315 23:16:48.438954   604 adsd3500_sensor.cpp:746] setFrameType: open done
I20230315 23:16:48.439074   604 adsd3500_sensor.cpp:757] setFrameType: setMode begin, type=lr-qnative
I20230315 23:16:48.439139   604 adsd3500_sensor.cpp:608] Setting camera mode to lr-qnative
I20230315 23:16:48.439208   604 adsd3500_sensor.cpp:764] setFrameType: setMode done, type=lr-qnative
I20230315 23:16:48.439241   604 adsd3500_sensor.cpp:775] setFrameType: device setup begin, device=0, fd=3, sfd=4, videoBuffers=0, nVideoBuffers=0, videoBuffersType=1, frame type changed=1
I20230315 23:16:48.439277   604 adsd3500_sensor.cpp:815] setFrameType: VIDIOC_REQBUFS release begin, device=0, type=1, count=0
I20230315 23:16:48.439406   604 adsd3500_sensor.cpp:831] setFrameType: VIDIOC_REQBUFS release done, device=0, returned count=0
I20230315 23:16:48.439500   604 adsd3500_sensor.cpp:907] setFrameType: VIDIOC_S_FMT begin, device=0, fd=3, type=1, pixelformat=825770306, width=2560, height=512
I20230315 23:16:48.439574   604 adsd3500_sensor.cpp:929] setFrameType: VIDIOC_S_FMT done, device=0, returned width=2560, returned height=512, bytesperline=2560, sizeimage=1310720
I20230315 23:16:48.439635   604 adsd3500_sensor.cpp:948] setFrameType: VIDIOC_REQBUFS allocate begin, device=0, requested count=4, type=1, memory=1
I20230315 23:16:48.445010   604 adsd3500_sensor.cpp:966] setFrameType: VIDIOC_REQBUFS allocate done, device=0, returned count=4
I20230315 23:16:48.445308   604 adsd3500_sensor.cpp:982] setFrameType: calloc video buffers done, device=0, videoBuffers=0xaaaaf780a530, count=4
I20230315 23:16:48.445387   604 adsd3500_sensor.cpp:1000] setFrameType: VIDIOC_QUERYBUF begin, device=0, bufferIndex=0, type=1, memory=1, planes=0xaaaaf780a318
I20230315 23:16:48.445466   604 adsd3500_sensor.cpp:1021] setFrameType: VIDIOC_QUERYBUF done, device=0, bufferIndex=0, bytesused=0, length=1310720, flags=8192
I20230315 23:16:48.445530   604 adsd3500_sensor.cpp:1041] setFrameType: mmap begin, device=0, bufferIndex=0, length=1310720, offset=0, fd=3
I20230315 23:16:48.445662   604 adsd3500_sensor.cpp:1067] setFrameType: mmap done, device=0, bufferIndex=0, start=0xffff88aba000, length=1310720
I20230315 23:16:48.445732   604 adsd3500_sensor.cpp:1000] setFrameType: VIDIOC_QUERYBUF begin, device=0, bufferIndex=1, type=1, memory=1, planes=0xaaaaf780a318
I20230315 23:16:48.445801   604 adsd3500_sensor.cpp:1021] setFrameType: VIDIOC_QUERYBUF done, device=0, bufferIndex=1, bytesused=0, length=1310720, flags=8192
I20230315 23:16:48.445863   604 adsd3500_sensor.cpp:1041] setFrameType: mmap begin, device=0, bufferIndex=1, length=1310720, offset=1310720, fd=3
I20230315 23:16:48.445963   604 adsd3500_sensor.cpp:1067] setFrameType: mmap done, device=0, bufferIndex=1, start=0xffff8897a000, length=1310720
I20230315 23:16:48.446038   604 adsd3500_sensor.cpp:1000] setFrameType: VIDIOC_QUERYBUF begin, device=0, bufferIndex=2, type=1, memory=1, planes=0xaaaaf780a318
I20230315 23:16:48.446118   604 adsd3500_sensor.cpp:1021] setFrameType: VIDIOC_QUERYBUF done, device=0, bufferIndex=2, bytesused=0, length=1310720, flags=8192
I20230315 23:16:48.446197   604 adsd3500_sensor.cpp:1041] setFrameType: mmap begin, device=0, bufferIndex=2, length=1310720, offset=2621440, fd=3
I20230315 23:16:48.446288   604 adsd3500_sensor.cpp:1067] setFrameType: mmap done, device=0, bufferIndex=2, start=0xffff8883a000, length=1310720
I20230315 23:16:48.446357   604 adsd3500_sensor.cpp:1000] setFrameType: VIDIOC_QUERYBUF begin, device=0, bufferIndex=3, type=1, memory=1, planes=0xaaaaf780a318
I20230315 23:16:48.446425   604 adsd3500_sensor.cpp:1021] setFrameType: VIDIOC_QUERYBUF done, device=0, bufferIndex=3, bytesused=0, length=1310720, flags=8192
I20230315 23:16:48.446486   604 adsd3500_sensor.cpp:1041] setFrameType: mmap begin, device=0, bufferIndex=3, length=1310720, offset=3932160, fd=3
I20230315 23:16:48.446566   604 adsd3500_sensor.cpp:1067] setFrameType: mmap done, device=0, bufferIndex=3, start=0xffff886fa000, length=1310720
I20230315 23:16:48.446631   604 adsd3500_sensor.cpp:1084] setFrameType: device buffer setup done, device=0, nVideoBuffers=4
I20230315 23:16:48.446748   604 adsd3500_sensor.cpp:1094] setFrameType: done, active type=lr-qnative
I20230315 23:16:48.446933   604 adsd3500_sensor.cpp:446] Adsd3500Sensor::start enter, numVideoDevs=, capturesPerFrame=
I20230315 23:16:48.447014   604 adsd3500_sensor.cpp:454] start: device state, device=0, fd=3, sfd=4, started=0, videoBuffers=0xaaaaf780a530, nVideoBuffers=4, videoBuffersType=1, planes=0xaaaaf780a318
I20230315 23:16:48.447084   604 adsd3500_sensor.cpp:468] Starting device 0
I20230315 23:16:48.447149   604 adsd3500_sensor.cpp:483] start: VIDIOC_QBUF begin, device=0, bufferIndex=0, type=1, memory=1, length=1, planes=0xaaaaf780a318
I20230315 23:16:48.447232   604 adsd3500_sensor.cpp:505] start: VIDIOC_QBUF done, device=0, bufferIndex=0, bytesused=1310720, flags=8195, sequence=0
I20230315 23:16:48.447304   604 adsd3500_sensor.cpp:483] start: VIDIOC_QBUF begin, device=0, bufferIndex=1, type=1, memory=1, length=1, planes=0xaaaaf780a318
I20230315 23:16:48.447391   604 adsd3500_sensor.cpp:505] start: VIDIOC_QBUF done, device=0, bufferIndex=1, bytesused=1310720, flags=8195, sequence=0
I20230315 23:16:48.447469   604 adsd3500_sensor.cpp:483] start: VIDIOC_QBUF begin, device=0, bufferIndex=2, type=1, memory=1, length=1, planes=0xaaaaf780a318
I20230315 23:16:48.447537   604 adsd3500_sensor.cpp:505] start: VIDIOC_QBUF done, device=0, bufferIndex=2, bytesused=1310720, flags=8195, sequence=0
I20230315 23:16:48.447599   604 adsd3500_sensor.cpp:483] start: VIDIOC_QBUF begin, device=0, bufferIndex=3, type=1, memory=1, length=1, planes=0xaaaaf780a318
I20230315 23:16:48.447666   604 adsd3500_sensor.cpp:505] start: VIDIOC_QBUF done, device=0, bufferIndex=3, bytesused=1310720, flags=8195, sequence=0
I20230315 23:16:48.447729   604 adsd3500_sensor.cpp:517] start: VIDIOC_STREAMON begin, device=0, fd=3, type=1
