WARNING: Logging before InitGoogleLogging() is written to STDERR
I20260627 21:18:32.998030  3203 system_impl.cpp:90] SDK built with websockets version:3.1.0
I20260627 21:18:32.998394  3203 sensor_enumerator_imx.cpp:116] Looking for sensors on the target
I20260627 21:18:32.998837  3203 sensor_enumerator_imx.cpp:137] Looking at: /dev/media0 for an eligible TOF camera
I20260627 21:18:33.008839  3203 sensor_enumerator_imx.cpp:153] Considering: /dev/media0 an eligible TOF camera
W20260627 21:18:33.010210  3203 adsd3500_interrupt_notifier.cpp:57] Failed to open the debug sysfs. Interrupts support will not be available!
I20260627 21:18:33.011234  3203 camera_itof.cpp:146] Initializing camera
I20260627 21:18:33.011349  3203 adsd3500_sensor.cpp:283] Opening device
I20260627 21:18:33.011406  3203 adsd3500_sensor.cpp:301] Looking for the following cards:
I20260627 21:18:33.011438  3203 adsd3500_sensor.cpp:303] mxc-isi-cap
I20260627 21:18:33.011485  3203 adsd3500_sensor.cpp:315] device: /dev/video0	subdevice: /dev/v4l-subdev1
I20260627 21:18:33.021765  3203 adsd3500_sensor.cpp:411] ADSD3500 is ready to communicate with.
I20260627 21:18:33.033149  3203 mode_info.cpp:148] Using new modes table for adsd3500.
I20260627 21:18:33.042851  3203 mode_info.cpp:144] Using new mixed modes table for adsd3500.
I20260627 21:18:33.043022  3203 mode_info.cpp:144] Using new mixed modes table for adsd3500.
I20260627 21:18:33.204170  3203 camera_itof.cpp:355] Current adsd3500 firmware version is: 4.2.4.0
I20260627 21:18:33.204326  3203 camera_itof.cpp:357] Current adsd3500 firmware git hash is: 5ecd368683f2b49f6af7c872deaf04d5696206c4
I20260627 21:18:33.204818  3203 camera_itof.cpp:1766] Found Depth ini file: ./config/RawToDepthAdsd3500_lr-qnative.ini
I20260627 21:18:33.204993  3203 camera_itof.cpp:1766] Found Depth ini file: ./config/RawToDepthAdsd3500_lr-native.ini
I20260627 21:18:33.205144  3203 camera_itof.cpp:1766] Found Depth ini file: ./config/RawToDepthAdsd3500_sr-qnative.ini
I20260627 21:18:33.205220  3203 camera_itof.cpp:1766] Found Depth ini file: ./config/RawToDepthAdsd3500_sr-native.ini
I20260627 21:18:33.205278  3203 camera_itof.cpp:1766] Found Depth ini file: ./config/RawToDepthAdsd3500_sr-mixed.ini
I20260627 21:18:33.205407  3203 camera_itof.cpp:1766] Found Depth ini file: ./config/RawToDepthAdsd3500_lr-mixed.ini
I20260627 21:18:33.205958  3203 camera_itof.cpp:1766] Found Depth ini file: ./config/RawToDepthAdsd_pcm-native.ini
I20260627 21:18:33.206126  3203 camera_itof.cpp:1777] Current Depth ini file is: ./config/RawToDepthAdsd3500_lr-mixed.ini
I20260627 21:18:33.209110  3203 camera_itof.cpp:450] Camera FPS set from Json file at: 10
I20260627 21:18:33.210126  3203 camera_itof.cpp:462] Camera initialized
W20260627 21:18:33.210227  3203 camera_itof.cpp:899] Unsupported control
Warning: sensorConfiguration=standard-raw was not accepted by this SDK/backend; continuing
I20260627 21:18:33.216188  3203 camera_itof.cpp:539] Chosen mode: sr-native
I20260627 21:18:33.216364  3203 camera_itof.cpp:593] Using ini file: ./config/RawToDepthAdsd3500_sr-native.ini
I20260627 21:18:33.216399  3203 adsd3500_sensor.cpp:631] setFrameType: enter, requested type=sr-native, width=1024, height=4096, current type=, hostConnectionType=-698804816, numVideoDevs=
I20260627 21:18:33.216625  3203 adsd3500_sensor.cpp:647] setFrameType: pre-stop check, device=0, fd=3, sfd=4, started=0, videoBuffers=0, nVideoBuffers=0
I20260627 21:18:33.217092  3203 adsd3500_sensor.cpp:668] setFrameType: reuse open device without close/reopen, device=0, fd=3, sfd=4, started=0, videoBuffers=0, nVideoBuffers=0
I20260627 21:18:33.217231  3203 adsd3500_sensor.cpp:748] setFrameType: open skipped, reusing existing fds
I20260627 21:18:33.217289  3203 adsd3500_sensor.cpp:757] setFrameType: setMode begin, type=sr-native
I20260627 21:18:33.217504  3203 adsd3500_sensor.cpp:608] Setting camera mode to sr-native
I20260627 21:18:33.217634  3203 adsd3500_sensor.cpp:764] setFrameType: setMode done, type=sr-native
I20260627 21:18:33.217746  3203 adsd3500_sensor.cpp:775] setFrameType: device setup begin, device=0, fd=3, sfd=4, videoBuffers=0, nVideoBuffers=0, videoBuffersType=1, frame type changed=1
I20260627 21:18:33.217793  3203 adsd3500_sensor.cpp:815] setFrameType: VIDIOC_REQBUFS release begin, device=0, type=1, count=0
I20260627 21:18:33.217984  3203 adsd3500_sensor.cpp:831] setFrameType: VIDIOC_REQBUFS release done, device=0, returned count=0
I20260627 21:18:33.218215  3203 adsd3500_sensor.cpp:907] setFrameType: VIDIOC_S_FMT begin, device=0, fd=3, type=1, pixelformat=842090306, width=1024, height=4096
I20260627 21:18:33.218467  3203 adsd3500_sensor.cpp:929] setFrameType: VIDIOC_S_FMT done, device=0, returned width=1024, returned height=4096, bytesperline=30848, sizeimage=8388608
I20260627 21:18:33.218590  3203 adsd3500_sensor.cpp:948] setFrameType: VIDIOC_REQBUFS allocate begin, device=0, requested count=4, type=1, memory=1
I20260627 21:18:33.237258  3203 adsd3500_sensor.cpp:966] setFrameType: VIDIOC_REQBUFS allocate done, device=0, returned count=4
I20260627 21:18:33.237545  3203 adsd3500_sensor.cpp:982] setFrameType: calloc video buffers done, device=0, videoBuffers=0xaaaad6597fd0, count=4
I20260627 21:18:33.237740  3203 adsd3500_sensor.cpp:1000] setFrameType: VIDIOC_QUERYBUF begin, device=0, bufferIndex=0, type=1, memory=1, planes=0xaaaad659a578
I20260627 21:18:33.237968  3203 adsd3500_sensor.cpp:1021] setFrameType: VIDIOC_QUERYBUF done, device=0, bufferIndex=0, bytesused=0, length=8388608, flags=8192
I20260627 21:18:33.238255  3203 adsd3500_sensor.cpp:1041] setFrameType: mmap begin, device=0, bufferIndex=0, length=8388608, offset=0, fd=3
I20260627 21:18:33.238623  3203 adsd3500_sensor.cpp:1067] setFrameType: mmap done, device=0, bufferIndex=0, start=0xffff86c6c000, length=8388608
I20260627 21:18:33.238732  3203 adsd3500_sensor.cpp:1000] setFrameType: VIDIOC_QUERYBUF begin, device=0, bufferIndex=1, type=1, memory=1, planes=0xaaaad659a578
I20260627 21:18:33.238862  3203 adsd3500_sensor.cpp:1021] setFrameType: VIDIOC_QUERYBUF done, device=0, bufferIndex=1, bytesused=0, length=8388608, flags=8192
I20260627 21:18:33.239046  3203 adsd3500_sensor.cpp:1041] setFrameType: mmap begin, device=0, bufferIndex=1, length=8388608, offset=8388608, fd=3
I20260627 21:18:33.239290  3203 adsd3500_sensor.cpp:1067] setFrameType: mmap done, device=0, bufferIndex=1, start=0xffff8646c000, length=8388608
I20260627 21:18:33.239444  3203 adsd3500_sensor.cpp:1000] setFrameType: VIDIOC_QUERYBUF begin, device=0, bufferIndex=2, type=1, memory=1, planes=0xaaaad659a578
I20260627 21:18:33.239537  3203 adsd3500_sensor.cpp:1021] setFrameType: VIDIOC_QUERYBUF done, device=0, bufferIndex=2, bytesused=0, length=8388608, flags=8192
I20260627 21:18:33.239681  3203 adsd3500_sensor.cpp:1041] setFrameType: mmap begin, device=0, bufferIndex=2, length=8388608, offset=16777216, fd=3
I20260627 21:18:33.239918  3203 adsd3500_sensor.cpp:1067] setFrameType: mmap done, device=0, bufferIndex=2, start=0xffff85c6c000, length=8388608
I20260627 21:18:33.240136  3203 adsd3500_sensor.cpp:1000] setFrameType: VIDIOC_QUERYBUF begin, device=0, bufferIndex=3, type=1, memory=1, planes=0xaaaad659a578
I20260627 21:18:33.240309  3203 adsd3500_sensor.cpp:1021] setFrameType: VIDIOC_QUERYBUF done, device=0, bufferIndex=3, bytesused=0, length=8388608, flags=8192
I20260627 21:18:33.240425  3203 adsd3500_sensor.cpp:1041] setFrameType: mmap begin, device=0, bufferIndex=3, length=8388608, offset=25165824, fd=3
I20260627 21:18:33.240948  3203 adsd3500_sensor.cpp:1067] setFrameType: mmap done, device=0, bufferIndex=3, start=0xffff8546c000, length=8388608
I20260627 21:18:33.241158  3203 adsd3500_sensor.cpp:1084] setFrameType: device buffer setup done, device=0, nVideoBuffers=4
I20260627 21:18:33.241391  3203 adsd3500_sensor.cpp:1094] setFrameType: done, active type=sr-native
Camera initialized. SDK 4.2.0
SD card image version: microsd-4.2.0-b260ad46.img
Kernel version: lf-5.10.72-2.2.0
U-Boot version: imx_v2020.04_5.4.70_2.3.0
[collect] Available frame types (7):
[collect]   sr-native modeId=0 w=1024 h=1024 subframes=2 passive_ir=0
[collect]   lr-native modeId=1 w=1024 h=1024 subframes=3 passive_ir=0
[collect]   sr-qnative modeId=2 w=512 h=512 subframes=1 passive_ir=0
[collect]   lr-qnative modeId=3 w=512 h=512 subframes=1 passive_ir=0
[collect]   pcm-native modeId=4 w=1024 h=1024 subframes=1 passive_ir=1
[collect]   sr-mixed modeId=6 w=512 h=512 subframes=1 passive_ir=0
[collect]   lr-mixed modeId=5 w=512 h=512 subframes=1 passive_ir=0
[collect] Sensor name: adsd3500
[collect] Selected mode: --m 0 -> sr-native
[collect] Sensor config: standard-raw
[collect] Server IP: 10.42.0.103:5000, bind: auto
[collect] Zstd level: 1, reconnect: yes
[collect] Camera ready, waiting for Machine B viewer...
Mode: 0 -> sr-native
Frame type: raw, depth compute: off
Connecting to Machine B 10.42.0.103:5000 ...
session error: connect: Connection refused
Connecting to Machine B 10.42.0.103:5000 ...
session error: connect: Connection refused
Connecting to Machine B 10.42.0.103:5000 ...
session error: connect: Connection refused
Connecting to Machine B 10.42.0.103:5000 ...
session error: connect: Connection refused
Connecting to Machine B 10.42.0.103:5000 ...
session error: connect: Connection refused
Connecting to Machine B 10.42.0.103:5000 ...
session error: connect: Connection refused
Connecting to Machine B 10.42.0.103:5000 ...
session error: connect: Connection refused
I20260627 21:18:40.518775  3203 camera_itof.cpp:1549] Succesfully read chunk number 0 out of 119 chunks for adsd3500!
I20260627 21:18:45.502173  3203 camera_itof.cpp:1549] Succesfully read chunk number 20 out of 119 chunks for adsd3500!
I20260627 21:18:50.720889  3203 camera_itof.cpp:1549] Succesfully read chunk number 40 out of 119 chunks for adsd3500!
I20260627 21:18:57.051551  3203 camera_itof.cpp:1549] Succesfully read chunk number 60 out of 119 chunks for adsd3500!
I20260627 21:19:03.722226  3203 camera_itof.cpp:1549] Succesfully read chunk number 80 out of 119 chunks for adsd3500!
I20260627 21:19:10.356076  3203 camera_itof.cpp:1549] Succesfully read chunk number 100 out of 119 chunks for adsd3500!
I20260627 21:19:16.783511  3203 camera_itof.cpp:1576] Succesfully read ccb from adsd3500. Checking crc...
I20260627 21:19:16.819283  3203 camera_itof.cpp:1585] Crc of ccb is valid.
Connecting to Machine B 10.42.0.103:5000 ...
Connected. Waiting for commands.
Exported current module CCB: /tmp/tof_net_collect_module_3203.ccb (243426 bytes)
sent current module CCB to Machine B: 243426 bytes from /tmp/tof_net_collect_module_3203.ccb
[collect] Dealias for sr-native (mode=0): rows=1024 cols=1024 freqs=2 row_bin=1 col_bin=1 sensor=1024x1024 fx=773.863 fy=773.961 cx=509.524 cy=522.637
Exported dealias data for sr-native (mode=0, 0 bytes)
[collect] Dealias for lr-native (mode=1): rows=1024 cols=1024 freqs=3 row_bin=1 col_bin=1 sensor=1024x1024 fx=773.863 fy=773.961 cx=509.524 cy=522.637
Exported dealias data for lr-native (mode=1, 0 bytes)
[collect] Dealias for sr-qnative (mode=2): rows=512 cols=512 freqs=2 row_bin=2 col_bin=2 sensor=1024x1024 fx=773.863 fy=773.961 cx=509.524 cy=522.637
Exported dealias data for sr-qnative (mode=2, 0 bytes)
[collect] Dealias for lr-qnative (mode=3): rows=512 cols=512 freqs=3 row_bin=2 col_bin=2 sensor=1024x1024 fx=773.863 fy=773.961 cx=509.524 cy=522.637
Exported dealias data for lr-qnative (mode=3, 0 bytes)
[collect] Dealias for pcm-native (mode=4): rows=0 cols=0 freqs=0 row_bin=0 col_bin=0 sensor=0x0 fx=0 fy=0 cx=0 cy=0
Exported dealias data for pcm-native (mode=4, 0 bytes)
[collect] Dealias for sr-mixed (mode=6): rows=512 cols=512 freqs=2 row_bin=2 col_bin=2 sensor=1024x1024 fx=773.863 fy=773.961 cx=509.524 cy=522.637
Exported dealias data for sr-mixed (mode=6, 0 bytes)
[collect] Dealias for lr-mixed (mode=5): rows=512 cols=512 freqs=3 row_bin=2 col_bin=2 sensor=1024x1024 fx=773.863 fy=773.961 cx=509.524 cy=522.637
Exported dealias data for lr-mixed (mode=5, 0 bytes)
sent dealias data for sr-native (88 bytes)
sent dealias data for lr-native (88 bytes)
sent dealias data for sr-qnative (88 bytes)
sent dealias data for lr-qnative (88 bytes)
sent dealias data for pcm-native (88 bytes)
sent dealias data for sr-mixed (88 bytes)
sent dealias data for lr-mixed (88 bytes)
[collect] StartCapture received: frame_type=lr-qnative
[collect] switchMode begin: sr-native -> lr-qnative
I20260627 21:19:25.228394  3203 camera_itof.cpp:539] Chosen mode: lr-qnative
I20260627 21:19:25.228525  3203 camera_itof.cpp:593] Using ini file: ./config/RawToDepthAdsd3500_lr-qnative.ini
I20260627 21:19:25.228571  3203 adsd3500_sensor.cpp:631] setFrameType: enter, requested type=lr-qnative, width=2560, height=512, current type=sr-native, hostConnectionType=-698804816, numVideoDevs=
I20260627 21:19:25.228781  3203 adsd3500_sensor.cpp:647] setFrameType: pre-stop check, device=0, fd=3, sfd=4, started=0, videoBuffers=0xaaaad6597fd0, nVideoBuffers=4
I20260627 21:19:25.228922  3203 adsd3500_sensor.cpp:681] setFrameType: release/open reset begin, device=0, fd=3, sfd=4, videoBuffers=0xaaaad6597fd0, nVideoBuffers=4
I20260627 21:19:25.229012  3203 adsd3500_sensor.cpp:690] setFrameType: initial munmap begin, device=0, bufferIndex=0, start=0xffff86c6c000, length=8388608
I20260627 21:19:25.229269  3203 adsd3500_sensor.cpp:702] setFrameType: initial munmap done, device=0, bufferIndex=0
I20260627 21:19:25.229369  3203 adsd3500_sensor.cpp:690] setFrameType: initial munmap begin, device=0, bufferIndex=1, start=0xffff8646c000, length=8388608
I20260627 21:19:25.229554  3203 adsd3500_sensor.cpp:702] setFrameType: initial munmap done, device=0, bufferIndex=1
I20260627 21:19:25.229606  3203 adsd3500_sensor.cpp:690] setFrameType: initial munmap begin, device=0, bufferIndex=2, start=0xffff85c6c000, length=8388608
I20260627 21:19:25.229784  3203 adsd3500_sensor.cpp:702] setFrameType: initial munmap done, device=0, bufferIndex=2
I20260627 21:19:25.229846  3203 adsd3500_sensor.cpp:690] setFrameType: initial munmap begin, device=0, bufferIndex=3, start=0xffff8546c000, length=8388608
I20260627 21:19:25.230021  3203 adsd3500_sensor.cpp:702] setFrameType: initial munmap done, device=0, bufferIndex=3
I20260627 21:19:25.230084  3203 adsd3500_sensor.cpp:711] setFrameType: close fd begin, device=0, fd=3
I20260627 21:19:25.240310  3203 adsd3500_sensor.cpp:720] setFrameType: close fd done, device=0
I20260627 21:19:25.240442  3203 adsd3500_sensor.cpp:725] setFrameType: close sfd begin, device=0, sfd=4
I20260627 21:19:25.240489  3203 adsd3500_sensor.cpp:734] setFrameType: close sfd done, device=0
I20260627 21:19:25.240520  3203 adsd3500_sensor.cpp:740] setFrameType: open begin
I20260627 21:19:25.240551  3203 adsd3500_sensor.cpp:283] Opening device
I20260627 21:19:25.240602  3203 adsd3500_sensor.cpp:301] Looking for the following cards:
I20260627 21:19:25.240631  3203 adsd3500_sensor.cpp:303] mxc-isi-cap
I20260627 21:19:25.240669  3203 adsd3500_sensor.cpp:315] device: /dev/video0	subdevice: /dev/v4l-subdev1
I20260627 21:19:25.240895  3203 adsd3500_sensor.cpp:746] setFrameType: open done
I20260627 21:19:25.240949  3203 adsd3500_sensor.cpp:757] setFrameType: setMode begin, type=lr-qnative
I20260627 21:19:25.240983  3203 adsd3500_sensor.cpp:608] Setting camera mode to lr-qnative
I20260627 21:19:25.241160  3203 adsd3500_sensor.cpp:764] setFrameType: setMode done, type=lr-qnative
I20260627 21:19:25.241191  3203 adsd3500_sensor.cpp:775] setFrameType: device setup begin, device=0, fd=3, sfd=4, videoBuffers=0, nVideoBuffers=0, videoBuffersType=1, frame type changed=1
I20260627 21:19:25.241225  3203 adsd3500_sensor.cpp:815] setFrameType: VIDIOC_REQBUFS release begin, device=0, type=1, count=0
I20260627 21:19:25.241348  3203 adsd3500_sensor.cpp:831] setFrameType: VIDIOC_REQBUFS release done, device=0, returned count=0
I20260627 21:19:25.241463  3203 adsd3500_sensor.cpp:907] setFrameType: VIDIOC_S_FMT begin, device=0, fd=3, type=1, pixelformat=825770306, width=2560, height=512
I20260627 21:19:25.241566  3203 adsd3500_sensor.cpp:929] setFrameType: VIDIOC_S_FMT done, device=0, returned width=2560, returned height=512, bytesperline=2560, sizeimage=1310720
I20260627 21:19:25.241626  3203 adsd3500_sensor.cpp:948] setFrameType: VIDIOC_REQBUFS allocate begin, device=0, requested count=4, type=1, memory=1
I20260627 21:19:25.247274  3203 adsd3500_sensor.cpp:966] setFrameType: VIDIOC_REQBUFS allocate done, device=0, returned count=4
I20260627 21:19:25.247462  3203 adsd3500_sensor.cpp:982] setFrameType: calloc video buffers done, device=0, videoBuffers=0xaaaad6596530, count=4
I20260627 21:19:25.247527  3203 adsd3500_sensor.cpp:1000] setFrameType: VIDIOC_QUERYBUF begin, device=0, bufferIndex=0, type=1, memory=1, planes=0xaaaad6596318
I20260627 21:19:25.247605  3203 adsd3500_sensor.cpp:1021] setFrameType: VIDIOC_QUERYBUF done, device=0, bufferIndex=0, bytesused=0, length=1310720, flags=8192
I20260627 21:19:25.247660  3203 adsd3500_sensor.cpp:1041] setFrameType: mmap begin, device=0, bufferIndex=0, length=1310720, offset=0, fd=3
I20260627 21:19:25.247766  3203 adsd3500_sensor.cpp:1067] setFrameType: mmap done, device=0, bufferIndex=0, start=0xffff8732c000, length=1310720
I20260627 21:19:25.247830  3203 adsd3500_sensor.cpp:1000] setFrameType: VIDIOC_QUERYBUF begin, device=0, bufferIndex=1, type=1, memory=1, planes=0xaaaad6596318
I20260627 21:19:25.248178  3203 adsd3500_sensor.cpp:1021] setFrameType: VIDIOC_QUERYBUF done, device=0, bufferIndex=1, bytesused=0, length=1310720, flags=8192
I20260627 21:19:25.248657  3203 adsd3500_sensor.cpp:1041] setFrameType: mmap begin, device=0, bufferIndex=1, length=1310720, offset=1310720, fd=3
I20260627 21:19:25.248988  3203 adsd3500_sensor.cpp:1067] setFrameType: mmap done, device=0, bufferIndex=1, start=0xffff871ec000, length=1310720
I20260627 21:19:25.249224  3203 adsd3500_sensor.cpp:1000] setFrameType: VIDIOC_QUERYBUF begin, device=0, bufferIndex=2, type=1, memory=1, planes=0xaaaad6596318
I20260627 21:19:25.249359  3203 adsd3500_sensor.cpp:1021] setFrameType: VIDIOC_QUERYBUF done, device=0, bufferIndex=2, bytesused=0, length=1310720, flags=8192
I20260627 21:19:25.249441  3203 adsd3500_sensor.cpp:1041] setFrameType: mmap begin, device=0, bufferIndex=2, length=1310720, offset=2621440, fd=3
I20260627 21:19:25.249552  3203 adsd3500_sensor.cpp:1067] setFrameType: mmap done, device=0, bufferIndex=2, start=0xffff870ac000, length=1310720
I20260627 21:19:25.249629  3203 adsd3500_sensor.cpp:1000] setFrameType: VIDIOC_QUERYBUF begin, device=0, bufferIndex=3, type=1, memory=1, planes=0xaaaad6596318
I20260627 21:19:25.249711  3203 adsd3500_sensor.cpp:1021] setFrameType: VIDIOC_QUERYBUF done, device=0, bufferIndex=3, bytesused=0, length=1310720, flags=8192
I20260627 21:19:25.249774  3203 adsd3500_sensor.cpp:1041] setFrameType: mmap begin, device=0, bufferIndex=3, length=1310720, offset=3932160, fd=3
I20260627 21:19:25.249874  3203 adsd3500_sensor.cpp:1067] setFrameType: mmap done, device=0, bufferIndex=3, start=0xffff86f6c000, length=1310720
I20260627 21:19:25.249948  3203 adsd3500_sensor.cpp:1084] setFrameType: device buffer setup done, device=0, nVideoBuffers=4
I20260627 21:19:25.250057  3203 adsd3500_sensor.cpp:1094] setFrameType: done, active type=lr-qnative
[collect] Switched to mode: lr-qnative (modeId=3)
[collect] camera->start() begin: mode=lr-qnative modeId=3
I20260627 21:19:25.250272  3203 adsd3500_sensor.cpp:446] Adsd3500Sensor::start enter, numVideoDevs=, capturesPerFrame=
I20260627 21:19:25.250389  3203 adsd3500_sensor.cpp:454] start: device state, device=0, fd=3, sfd=4, started=0, videoBuffers=0xaaaad6596530, nVideoBuffers=4, videoBuffersType=1, planes=0xaaaad6596318
I20260627 21:19:25.250432  3203 adsd3500_sensor.cpp:468] Starting device 0
I20260627 21:19:25.250504  3203 adsd3500_sensor.cpp:483] start: VIDIOC_QBUF begin, device=0, bufferIndex=0, type=1, memory=1, length=1, planes=0xaaaad6596318
I20260627 21:19:25.250623  3203 adsd3500_sensor.cpp:505] start: VIDIOC_QBUF done, device=0, bufferIndex=0, bytesused=1310720, flags=8195, sequence=0
I20260627 21:19:25.250690  3203 adsd3500_sensor.cpp:483] start: VIDIOC_QBUF begin, device=0, bufferIndex=1, type=1, memory=1, length=1, planes=0xaaaad6596318
I20260627 21:19:25.250777  3203 adsd3500_sensor.cpp:505] start: VIDIOC_QBUF done, device=0, bufferIndex=1, bytesused=1310720, flags=8195, sequence=0
I20260627 21:19:25.250834  3203 adsd3500_sensor.cpp:483] start: VIDIOC_QBUF begin, device=0, bufferIndex=2, type=1, memory=1, length=1, planes=0xaaaad6596318
I20260627 21:19:25.250912  3203 adsd3500_sensor.cpp:505] start: VIDIOC_QBUF done, device=0, bufferIndex=2, bytesused=1310720, flags=8195, sequence=0
I20260627 21:19:25.250982  3203 adsd3500_sensor.cpp:483] start: VIDIOC_QBUF begin, device=0, bufferIndex=3, type=1, memory=1, length=1, planes=0xaaaad6596318
I20260627 21:19:25.251093  3203 adsd3500_sensor.cpp:505] start: VIDIOC_QBUF done, device=0, bufferIndex=3, bytesused=1310720, flags=8195, sequence=0
I20260627 21:19:25.251163  3203 adsd3500_sensor.cpp:517] start: VIDIOC_STREAMON begin, device=0, fd=3, type=1
I20260627 21:19:25.596624  3203 adsd3500_sensor.cpp:530] start: VIDIOC_STREAMON done, device=0, type=1
I20260627 21:19:25.596848  3203 adsd3500_sensor.cpp:537] start: device marked started, device=0
I20260627 21:19:25.596903  3203 adsd3500_sensor.cpp:541] Adsd3500Sensor::start done
[collect] camera->start() returned status=0 elapsed_ms=346
[collect] setControl(syncMode=0,0) begin
[collect] setControl(syncMode=0,0) returned status=4
[collect] dropping first RAW frame after start: requestFrame begin
[collect] get_frame_locked: requestFrame begin
